[provenance] 真身覆蓋率門檻 COV_MIN = 1.0(零靜默損失,預設)
建面板…(報酬線 fwd_x,真身面板涵蓋 ADV≥1,000,000)
[Panel] 真身面板 realbody_scores_adv100w.parquet(涵蓋 ADV≥1,000,000)
[Panel] 裁掉 0050 無基準的 1 個月 [np.str_('2026-04-30')] —— 策略腿與基準腿共用同一時鐘,剩 255 月 (2005-01-31 ~ 2026-03-31)
面板 255 月 × 2148 檔 (1s)

============================================================================================
H1  前置閘(in-sample):真身雙確認 @ADV≥100萬
============================================================================================

策略                                CAGR%      夏普     MDD%     月數      月換手%
真身雙確認 @100萬                       20.80    0.89    -68.7    255      71.1
0050 含息買進持有                       14.18    0.68    -52.9    255       0.0

平均持股 48.2 檔;選中股 adv20 中位 4,318 萬/日
  (替身時代:48 檔、11,652 萬/日。若這裡顯著更低,H4 的安全邊際要重估 —— 預註冊 §5-4)

建 Engine(第二條獨立路徑)…
[Engine] 裁掉 0050 無基準的 1 個月 ['2026-04-30'] —— 策略腿與基準腿共用同一時鐘,剩 255 月

====================================================================================
【真身雙確認 @100萬】基準階梯 (含息含成本,來回 0.72%;ADV池 ≥ 1000000)
====================================================================================
                              檔數    月換手%   CAGR%    波動%     夏普    MDD%
◆ 真身雙確認 @100萬                 48    71.1   20.73   22.3   0.89   -68.7
① 等權母體(不選股)                 1014     0.0   11.42   21.5   0.48   -62.8
② 對齊隨機(50次中位)                 48    71.1    5.33   22.4   0.19   -66.5
③ 0050 買進持有                   50     0.0   14.18   19.3   0.68   -52.9

(1) 選股能力  策略 − 等權母體 :   +9.30 pp/年   夏普 +0.40   → ✅有
(2) 扣掉交易footprint  策略 − 對齊隨機 :  +15.40 pp/年   夏普 +0.69   虛無 p=0.000 (隨機 p95 夏普 0.30)   → ✅過
(3) 機會成本  策略 − 0050 :   +6.55 pp/年   夏普 +0.20   → ✅值得
    參考:0050 − 等權母體 = +2.75 pp/年 (市值加權的結構性優勢,不是選股層造成的)

--------------------------------------------------------------------------------------------
兩路徑對帳(矩陣 vs Engine;成本模型對齊為常數滑價 0.25%)
--------------------------------------------------------------------------------------------
共同月份 255   最大差 0.0000 pp   中位差 0.0000 pp
對帳門檻 <0.01pp → ✅一致

H1-a 全期夏普 0.89 > 0.68(0050)  → ✅
H1-b ①選股階 +9.30 pp/年 > 0        → ✅
H1-c 兩路徑對帳                                → ✅

H1 前置閘 → ✅通過,可跑 H2~H5

============================================================================================
H2  walk-forward:把「選哪個 ADV 層」交給協定(high52 就是死在這關)
============================================================================================

ADV 層            真身覆蓋率      納入
2000萬          100.0%       ✅
500萬           100.0%       ✅
100萬           100.0%       ✅

候選 3 層 × 255 月;訓練窗 ≥60 月,每 12 月重選

重選期間                選中的層              訓練夏普
2010-01~2010-12     100萬              0.42
2011-01~2011-12     100萬              0.56
2012-01~2012-12     100萬              0.34
2013-01~2013-12     100萬              0.35
2014-01~2014-12     100萬              0.50
2015-01~2015-12     100萬              0.58
2016-01~2016-12     100萬              0.55
2017-01~2017-12     100萬              0.60
2018-01~2018-12     100萬              0.69
2019-01~2019-12     100萬              0.69
2020-01~2020-12     100萬              0.70
2021-01~2021-12     100萬              0.76
2022-01~2022-12     100萬              0.81
2023-01~2023-12     100萬              0.79
2024-01~2024-12     100萬              0.85
2025-01~2025-12     100萬              0.86
2026-01~2026-03     100萬              0.85

OOS 期間 2010-01-29 ~ 2026-03-31(195 月,17 次重選;選中 100萬 共 17/17 次)

                                  CAGR%      夏普     MDD%     月數      月換手%
H2  協定 walk-forward               22.79    1.20    -28.5    195       nan
  └ 0050(同 H2 195 月)              16.52    0.86    -29.4    195       0.0
H2b 固定 100萬 層                     22.79    1.20    -28.5    195       nan
  └ 0050(同 H2b 195 月)             16.52    0.86    -29.4    195       0.0

H2  協定 OOS 夏普且 CAGR 勝 0050   → ✅通過
H2b 固定層 OOS 夏普且 CAGR 勝 0050 → ✅通過

============================================================================================
H3  虛無對照(reps=500)
============================================================================================
觀測:真身雙確認 @100萬  CAGR 20.80%  夏普 0.89

[H3-1] 對齊 footprint 的隨機組合…
[Engine] 裁掉 0050 無基準的 1 個月 ['2026-04-30'] —— 策略腿與基準腿共用同一時鐘,剩 255 月
  隨機中位夏普 0.19  p95 0.30  策略 0.89  → 虛無 p=0.000  ✅(門檻 <0.01)

[H3-2] 報酬逐月置換…
  0/500 (0s)
  100/500 (2s)
  200/500 (4s)
  300/500 (6s)
  400/500 (8s)
  置換夏普 p50 0.18  p99 0.33  → p=0.0000  ✅(門檻 <0.01)

[H3-3] 配置置換:對宣告的 ADV 層搜尋空間取最大夏普的虛無分布…

ADV 層            真身覆蓋率      納入
2000萬          100.0%       ✅
500萬           100.0%       ✅
100萬           100.0%       ✅
  0/100 (0s)
  20/100 (1s)
  40/100 (1s)
  60/100 (2s)
  80/100 (2s)
  置換 max-夏普:p50 0.235  p95 0.357  觀測 0.888 → ✅
  DSR:N=3 trials, Var(SR)=0.0264, E[max SR]年化≈0.143, 偏態 -0.27, 峰態 4.17
       DSR=0.9998 → p=0.0002  ✅(門檻 <0.05)
  ⚠ 預註冊 §3 已揭露:雙確認規則本身是先前工作的產物,N=3 **低估**真實多重比較。本項只主張「在宣告空間內未見選擇性偏誤」。

H3 三組虛無(全須通過)→ ✅通過

============================================================================================
H4  滑價敏感度(低 ADV 池的主要威脅)
============================================================================================

來回滑價%           CAGR%      夏普     MDD%   vs 0050
0.25            20.73    0.89    -68.7         ✅
0.40            19.21    0.82    -69.4         ✅
0.60            17.22    0.73    -70.4         ✅
0.80            15.26    0.64    -71.3         ❌

損益兩平滑價 ≈ 0.71%(替身時代 0.70%)
H4 滑價 0.6% 時夏普 > 0.68 → ✅通過
  ⚠ 零股撮合的溢折價無歷史資料可回測(預註冊 §5-3);本項是代理,不是證明。

============================================================================================
H5  六時代穩健
============================================================================================
[Engine] 裁掉 0050 無基準的 1 個月 ['2026-04-30'] —— 策略腿與基準腿共用同一時鐘,剩 255 月

時代                    策略CAGR      等權母體     差pp      策略夏普    0050夏普          判定
2005-2009(海嘯)          14.55     13.46    1.08      0.42      0.26       ①✅ ③✅
2010-2014              17.94      7.15   10.78      0.92      0.53       ①✅ ③✅
2015-2018              19.73      4.44   15.29      1.20      0.40       ①✅ ③✅
2019-2021              33.36     21.12   12.23      1.48      1.55       ①✅ ③❌
2022空頭                  8.57      1.04    7.53      0.35     -0.45       ①✅ ③✅
2023-2026              29.70     18.89   10.81      1.70      2.08       ①✅ ③❌

勝等權母體 6/6 段(門檻 ≥4);夏普勝 0050 4/6 段(門檻 ≥3)
H5 → ✅通過

============================================================================================
預註冊判定總表
============================================================================================
H1  前置閘                   ✅通過
H2  walk-forward(主)       ✅通過
H2b 固定層 OOS               ✅通過
H3  虛無對照                  ✅通過
H4  滑價穩健                  ✅通過
H5  時代穩健                  ✅通過

結果(不論正負)請寫進 docs/預註冊_雙確認ADV100萬.md §7 與 docs/開發日誌_DevLog.md。

總耗時 65s
