[frozen] 預註冊_ExposureOverlay.md(2026-07-31 凍結)門檻自檢通過(26 項) —— MDD≤40.0% / CAGR≥20.0% / HO2 gap≥5.0pp / HO3 B=1000 seed=20260730 α=0.05 / H4 滑價 0.6% / D1=entry_day+additive_return
建面板…(本體 A = dual100 月頻,真身面板涵蓋 ADV≥1,000,000)
[Panel] 真身面板 realbody_scores_adv100w.parquet(涵蓋 ADV≥1,000,000)
[Panel] 裁掉 0050 無基準的 1 個月 [np.str_('2026-04-30')] —— 策略腿與基準腿共用同一時鐘,剩 255 月 (2005-01-31 ~ 2026-03-31)
面板 255 月 × 2148 檔;本體日序列 5200 日(OOS 3959 日) (10s)

============================================================================================
preflight — 強制對帳(fail-closed,容差 0.01pp;超標即中止,不做 HO 判定)
============================================================================================
P1 加性分解(價格連乘+股利加總) vs 官方 gross:最大 1.67e-06 pp  超標 0/254  ✅
P2 雙路徑對帳:本體日報酬最大 1.55e-13 pp;A×C 淨值最大相對 4.66e-13 pp  ✅
P3 序列完整性(長度/有限值/e∈[0,1]/限速上限):✅
✅ preflight 全數通過 —— 允許進入 HO 判定。

============================================================================================
verify — 揭露表(§3-A-D-💰(2) 日 NAV 複利差 / §3-A-D-⏱ 無 look-ahead 抽查)
============================================================================================

[揭露 1] 實際日 NAV 複利 vs 官方月 r_A(t) —— **不等,非門檻**(§3-A-D-💰(2))
    最大月差 0.05618 pp   中位 0.00688   >0.01pp: 92/254

[揭露 2] 訊號變更日抽查(§3-A-D-⏱;共 215 次變更,列前 3 次)
    close(2010-02-06) sig 0.667→0.333  →  e_lim(當日)=0.667(仍為舊)、e_lim(2010-02-08)=0.667(才開始走位)
    close(2010-02-22) sig 0.333→0.667  →  e_lim(當日)=0.333(仍為舊)、e_lim(2010-02-23)=0.333(才開始走位)
    close(2010-03-09) sig 0.667→1.000  →  e_lim(當日)=0.667(仍為舊)、e_lim(2010-03-10)=0.667(才開始走位)
    ↑ 訊號於 close(d) 確定 → 只影響 open(d+1) 起的曝險;當日報酬段不被回溯改權。

============================================================================================
HO1 — 部署門檻(主假設;日限速路徑,MDD 在日 NAV 上量)
============================================================================================

OOS 2010-02-01 ~ 2026-03-31(3959 交易日);平均曝險 ē=0.6736、切換次數 K=465、TV=78.40

                                      CAGR%      夏普     MDD%      日數
A×C(日限速,主測)                           15.61    1.13   -20.56    3959
  └ 本體 A(無 overlay,參考)                22.48    1.11   -33.73    3959
比較組:月頻未限速 A×C                         17.46    1.29   -13.40     195

HO1-a |MDD| 20.56% ≤ 40.0%   → ✅
HO1-b CAGR 15.61% ≥ 20.0%       → ❌
HO1 → ❌否定  → 依 §4 出口 1/2:**不可正式部署**,不得在本案調 overlay 參數。

============================================================================================
HO2 — 擇時 vs 純減碼(同均曝常數對照;確定性,無 seed)
============================================================================================

常數曝險 ē = 0.6736(僅首日扣 |ē−1|·0.285 = 0.0930%)

                                      CAGR%      夏普     MDD%      日數
A×C(實際擇時)                             15.61    1.13   -20.56    3959
A×ē(常數 0.674,同均曝)                     15.49    1.11   -23.67    3959

HO2-a dd_flat − dd_AC = 23.67 − 20.56 = +3.11pp ≥ 5.0pp → ❌
HO2-b CAGR_AC − CAGR_flat = +0.13pp ≥ −1.0pp → ✅
HO2 → ❌否定  → §4 出口 3:MDD 改善無法與『純減碼』區分,不得宣稱相位對齊 alpha。

============================================================================================
HO3 — 相位對齊虛無(固定 e_lim/成本,只旋轉 r_A;B=1000, seed=20260730)
============================================================================================
  0/1000 (0s)
  250/1000 (0s)
  500/1000 (0s)
  750/1000 (0s)

  不變量自檢:overlay 換手成本 Σ|Δe|·0.285 = 22.3440%(對所有 τ 相同)
  虛無 |MDD| 分布:p5 25.31  中位 29.92  p95 35.09
  實際 |MDD| 20.56  → p = (1+15)/(1000+1) = 0.0160
HO3 → ✅通過(門檻 p<0.05)
  ⚠ 本檢定只檢定 e_lim 與 r_A 的**對齊相位**,不主張一般性隨機擇時。

============================================================================================
HO4 — 滑價(0.6% 來回)與時代穩健;a=硬門檻、b=描述性
============================================================================================

                                      CAGR%      夏普     MDD%      日數
A×C @滑價 0.6%                          13.20    0.94   -21.77    3959

HO4a |MDD| 21.77% ≤ 40.0% 且 CAGR 13.20% ≥ 20.0% → ❌否定(§4 出口 5:不可部署)

六時代(全期日 NAV;描述性,不單獨否定)
時代                       MDD%    ≤40%
2005-2009(海嘯)          -24.31       ✅
2010-2014              -15.43       ✅
2015-2018               -9.28       ✅
2019-2021              -18.79       ✅
2022空頭                 -12.84       ✅
2023-2026              -21.77       ✅

HO4b 達標 6/6(門檻 ≥5)、壓力段 皆達標 → ✅通過

============================================================================================
預註冊 P-Overlay-C 判定總表
============================================================================================
HO1  部署門檻(主)                ❌否定
HO2  擇時 vs 純減碼              ❌否定
HO3  相位對齊虛無                 ✅通過
HO4a 滑價0.60%(硬)             ❌否定
HO4b 六時代(描述性)               ✅通過

**部署硬門檻(HO1 AND HO4a)** → ❌未過
結果(不論正負)請寫入 docs/預註冊_ExposureOverlay.md §7 與 docs/開發日誌_DevLog.md。
⚠ 通過 ≠ 可上線:月頻 dual100 的 A/B 實盤 SOP 仍須另案預註冊,且須先小額活體演練。

總耗時 11s
